[2025-11-17T02:43:14.697+0000] {local_task_job_runner.py:120} INFO - ::group::Pre task execution logs
[2025-11-17T02:43:14.763+0000] {taskinstance.py:2076} INFO - Dependencies all met for dep_context=non-requeueable deps ti=<TaskInstance: sodai_pipeline_dag.build_weekly_features scheduled__2025-11-09T00:00:00+00:00 [queued]>
[2025-11-17T02:43:14.777+0000] {taskinstance.py:2076} INFO - Dependencies all met for dep_context=requeueable deps ti=<TaskInstance: sodai_pipeline_dag.build_weekly_features scheduled__2025-11-09T00:00:00+00:00 [queued]>
[2025-11-17T02:43:14.778+0000] {taskinstance.py:2306} INFO - Starting attempt 5 of 6
[2025-11-17T02:43:14.787+0000] {taskinstance.py:2330} INFO - Executing <Task(PythonOperator): build_weekly_features> on 2025-11-09 00:00:00+00:00
[2025-11-17T02:43:14.794+0000] {logging_mixin.py:188} WARNING - /home/***/.local/lib/python3.12/site-packages/***/task/task_runner/standard_task_runner.py:61 DeprecationWarning: This process (pid=804) is multi-threaded, use of fork() may lead to deadlocks in the child.
[2025-11-17T02:43:14.795+0000] {standard_task_runner.py:63} INFO - Started process 805 to run task
[2025-11-17T02:43:14.793+0000] {standard_task_runner.py:90} INFO - Running: ['***', 'tasks', 'run', 'sodai_pipeline_dag', 'build_weekly_features', 'scheduled__2025-11-09T00:00:00+00:00', '--job-id', '21', '--raw', '--subdir', 'DAGS_FOLDER/sodai_pipeline.py', '--cfg-path', '/tmp/tmpqwj6eee_']
[2025-11-17T02:43:14.796+0000] {standard_task_runner.py:91} INFO - Job 21: Subtask build_weekly_features
[2025-11-17T02:43:14.814+0000] {logging_mixin.py:188} WARNING - /home/***/.local/lib/python3.12/site-packages/***/settings.py:195 DeprecationWarning: The sql_alchemy_conn option in [core] has been moved to the sql_alchemy_conn option in [database] - the old setting has been used, but please update your config.
[2025-11-17T02:43:14.834+0000] {task_command.py:426} INFO - Running <TaskInstance: sodai_pipeline_dag.build_weekly_features scheduled__2025-11-09T00:00:00+00:00 [running]> on host fddcaabe9a09
[2025-11-17T02:43:14.881+0000] {taskinstance.py:2648} INFO - Exporting env vars: AIRFLOW_CTX_DAG_OWNER='grupo_sodai' AIRFLOW_CTX_DAG_ID='sodai_pipeline_dag' AIRFLOW_CTX_TASK_ID='build_weekly_features' AIRFLOW_CTX_EXECUTION_DATE='2025-11-09T00:00:00+00:00' AIRFLOW_CTX_TRY_NUMBER='5' AIRFLOW_CTX_DAG_RUN_ID='scheduled__2025-11-09T00:00:00+00:00'
[2025-11-17T02:43:14.881+0000] {taskinstance.py:430} INFO - ::endgroup::
[2025-11-17T02:43:17.216+0000] {taskinstance.py:441} INFO - ::group::Post task execution logs
[2025-11-17T02:43:17.220+0000] {taskinstance.py:2905} ERROR - Task failed with exception
Traceback (most recent call last):
  File "/home/airflow/.local/lib/python3.12/site-packages/airflow/models/taskinstance.py", line 465, in _execute_task
    result = _execute_callable(context=context, **execute_callable_kwargs)
             ^^^^^^^^^^^^^^^^^^^^^^^^^^^^^^^^^^^^^^^^^^^^^^^^^^^^^^^^^^^^^
  File "/home/airflow/.local/lib/python3.12/site-packages/airflow/models/taskinstance.py", line 432, in _execute_callable
    return execute_callable(context=context, **execute_callable_kwargs)
           ^^^^^^^^^^^^^^^^^^^^^^^^^^^^^^^^^^^^^^^^^^^^^^^^^^^^^^^^^^^^
  File "/home/airflow/.local/lib/python3.12/site-packages/airflow/models/baseoperator.py", line 400, in wrapper
    return func(self, *args, **kwargs)
           ^^^^^^^^^^^^^^^^^^^^^^^^^^^
  File "/home/airflow/.local/lib/python3.12/site-packages/airflow/operators/python.py", line 235, in execute
    return_value = self.execute_callable()
                   ^^^^^^^^^^^^^^^^^^^^^^^
  File "/home/airflow/.local/lib/python3.12/site-packages/airflow/operators/python.py", line 252, in execute_callable
    return self.python_callable(*self.op_args, **self.op_kwargs)
           ^^^^^^^^^^^^^^^^^^^^^^^^^^^^^^^^^^^^^^^^^^^^^^^^^^^^^
  File "/opt/airflow/dags/sodai_pipeline.py", line 25, in _build_weekly_features_wrapper
    return build_weekly_features()
           ^^^^^^^^^^^^^^^^^^^^^^^
  File "/opt/airflow/src/preprocessing.py", line 570, in build_weekly_features
    df = _add_behavior_features(df)
         ^^^^^^^^^^^^^^^^^^^^^^^^^^
  File "/opt/airflow/src/preprocessing.py", line 278, in _add_behavior_features
    from sklearn.pipeline import Pipeline  # import local
    ^^^^^^^^^^^^^^^^^^^^^^^^^^^^^^^^^^^^^
ModuleNotFoundError: No module named 'sklearn'
[2025-11-17T02:43:17.261+0000] {taskinstance.py:1206} INFO - Marking task as UP_FOR_RETRY. dag_id=sodai_pipeline_dag, task_id=build_weekly_features, run_id=scheduled__2025-11-09T00:00:00+00:00, execution_date=20251109T000000, start_date=20251117T024314, end_date=20251117T024317
[2025-11-17T02:43:17.275+0000] {standard_task_runner.py:110} ERROR - Failed to execute job 21 for task build_weekly_features (No module named 'sklearn'; 805)
[2025-11-17T02:43:17.359+0000] {local_task_job_runner.py:240} INFO - Task exited with return code 1
[2025-11-17T02:43:17.401+0000] {taskinstance.py:3498} INFO - 0 downstream tasks scheduled from follow-on schedule check
[2025-11-17T02:43:17.402+0000] {local_task_job_runner.py:222} INFO - ::endgroup::
