[2025-11-17T02:51:37.277+0000] {local_task_job_runner.py:120} INFO - ::group::Pre task execution logs
[2025-11-17T02:51:37.294+0000] {taskinstance.py:2076} INFO - Dependencies all met for dep_context=non-requeueable deps ti=<TaskInstance: sodai_pipeline_dag.build_weekly_features scheduled__2025-11-09T00:00:00+00:00 [queued]>
[2025-11-17T02:51:37.297+0000] {taskinstance.py:2076} INFO - Dependencies all met for dep_context=requeueable deps ti=<TaskInstance: sodai_pipeline_dag.build_weekly_features scheduled__2025-11-09T00:00:00+00:00 [queued]>
[2025-11-17T02:51:37.297+0000] {taskinstance.py:2306} INFO - Starting attempt 7 of 8
[2025-11-17T02:51:37.303+0000] {taskinstance.py:2330} INFO - Executing <Task(PythonOperator): build_weekly_features> on 2025-11-09 00:00:00+00:00
[2025-11-17T02:51:37.308+0000] {logging_mixin.py:188} WARNING - /home/***/.local/lib/python3.12/site-packages/***/task/task_runner/standard_task_runner.py:61 DeprecationWarning: This process (pid=945) is multi-threaded, use of fork() may lead to deadlocks in the child.
[2025-11-17T02:51:37.309+0000] {standard_task_runner.py:63} INFO - Started process 946 to run task
[2025-11-17T02:51:37.309+0000] {standard_task_runner.py:90} INFO - Running: ['***', 'tasks', 'run', 'sodai_pipeline_dag', 'build_weekly_features', 'scheduled__2025-11-09T00:00:00+00:00', '--job-id', '23', '--raw', '--subdir', 'DAGS_FOLDER/sodai_pipeline.py', '--cfg-path', '/tmp/tmpgl_uaggc']
[2025-11-17T02:51:37.310+0000] {standard_task_runner.py:91} INFO - Job 23: Subtask build_weekly_features
[2025-11-17T02:51:37.319+0000] {logging_mixin.py:188} WARNING - /home/***/.local/lib/python3.12/site-packages/***/settings.py:195 DeprecationWarning: The sql_alchemy_conn option in [core] has been moved to the sql_alchemy_conn option in [database] - the old setting has been used, but please update your config.
[2025-11-17T02:51:37.334+0000] {task_command.py:426} INFO - Running <TaskInstance: sodai_pipeline_dag.build_weekly_features scheduled__2025-11-09T00:00:00+00:00 [running]> on host fddcaabe9a09
[2025-11-17T02:51:37.367+0000] {taskinstance.py:2648} INFO - Exporting env vars: AIRFLOW_CTX_DAG_OWNER='grupo_sodai' AIRFLOW_CTX_DAG_ID='sodai_pipeline_dag' AIRFLOW_CTX_TASK_ID='build_weekly_features' AIRFLOW_CTX_EXECUTION_DATE='2025-11-09T00:00:00+00:00' AIRFLOW_CTX_TRY_NUMBER='7' AIRFLOW_CTX_DAG_RUN_ID='scheduled__2025-11-09T00:00:00+00:00'
[2025-11-17T02:51:37.368+0000] {taskinstance.py:430} INFO - ::endgroup::
[2025-11-17T02:51:43.016+0000] {python.py:237} INFO - Done. Returned value was:          customer_id  product_id  ...  promedio_compra  split
0             187101       61542  ...         0.052644  train
1             187101       61542  ...         0.112500  train
2             187101       61542  ...         0.112500  train
3             187101       61542  ...         0.116667  train
4             187101       61542  ...         0.115625  train
...              ...         ...  ...              ...    ...
2079995       253053       53258  ...         0.000000   test
2079996       253053       53258  ...         0.000000   test
2079997       253053       53258  ...         0.000000   test
2079998       253053       53258  ...         0.000490   test
2079999       253053       53258  ...         0.000481   test

[2080000 rows x 18 columns]
[2025-11-17T02:51:43.040+0000] {taskinstance.py:441} INFO - ::group::Post task execution logs
[2025-11-17T02:51:46.548+0000] {taskinstance.py:1206} INFO - Marking task as SUCCESS. dag_id=sodai_pipeline_dag, task_id=build_weekly_features, run_id=scheduled__2025-11-09T00:00:00+00:00, execution_date=20251109T000000, start_date=20251117T025137, end_date=20251117T025146
[2025-11-17T02:51:46.612+0000] {local_task_job_runner.py:240} INFO - Task exited with return code 0
[2025-11-17T02:51:46.660+0000] {taskinstance.py:3498} INFO - 1 downstream tasks scheduled from follow-on schedule check
[2025-11-17T02:51:46.660+0000] {local_task_job_runner.py:222} INFO - ::endgroup::
