[2025-11-17T02:56:52.236+0000] {local_task_job_runner.py:120} INFO - ::group::Pre task execution logs
[2025-11-17T02:56:52.255+0000] {taskinstance.py:2076} INFO - Dependencies all met for dep_context=non-requeueable deps ti=<TaskInstance: sodai_pipeline_dag.generate_predictions scheduled__2025-11-09T00:00:00+00:00 [queued]>
[2025-11-17T02:56:52.259+0000] {taskinstance.py:2076} INFO - Dependencies all met for dep_context=requeueable deps ti=<TaskInstance: sodai_pipeline_dag.generate_predictions scheduled__2025-11-09T00:00:00+00:00 [queued]>
[2025-11-17T02:56:52.259+0000] {taskinstance.py:2306} INFO - Starting attempt 2 of 2
[2025-11-17T02:56:52.265+0000] {taskinstance.py:2330} INFO - Executing <Task(PythonOperator): generate_predictions> on 2025-11-09 00:00:00+00:00
[2025-11-17T02:56:52.270+0000] {logging_mixin.py:188} WARNING - /home/***/.local/lib/python3.12/site-packages/***/task/task_runner/standard_task_runner.py:61 DeprecationWarning: This process (pid=1058) is multi-threaded, use of fork() may lead to deadlocks in the child.
[2025-11-17T02:56:52.271+0000] {standard_task_runner.py:63} INFO - Started process 1059 to run task
[2025-11-17T02:56:52.270+0000] {standard_task_runner.py:90} INFO - Running: ['***', 'tasks', 'run', 'sodai_pipeline_dag', 'generate_predictions', 'scheduled__2025-11-09T00:00:00+00:00', '--job-id', '26', '--raw', '--subdir', 'DAGS_FOLDER/sodai_pipeline.py', '--cfg-path', '/tmp/tmpk6p3r7vd']
[2025-11-17T02:56:52.272+0000] {standard_task_runner.py:91} INFO - Job 26: Subtask generate_predictions
[2025-11-17T02:56:52.283+0000] {logging_mixin.py:188} WARNING - /home/***/.local/lib/python3.12/site-packages/***/settings.py:195 DeprecationWarning: The sql_alchemy_conn option in [core] has been moved to the sql_alchemy_conn option in [database] - the old setting has been used, but please update your config.
[2025-11-17T02:56:52.299+0000] {task_command.py:426} INFO - Running <TaskInstance: sodai_pipeline_dag.generate_predictions scheduled__2025-11-09T00:00:00+00:00 [running]> on host fddcaabe9a09
[2025-11-17T02:56:52.334+0000] {taskinstance.py:2648} INFO - Exporting env vars: AIRFLOW_CTX_DAG_OWNER='grupo_sodai' AIRFLOW_CTX_DAG_ID='sodai_pipeline_dag' AIRFLOW_CTX_TASK_ID='generate_predictions' AIRFLOW_CTX_EXECUTION_DATE='2025-11-09T00:00:00+00:00' AIRFLOW_CTX_TRY_NUMBER='2' AIRFLOW_CTX_DAG_RUN_ID='scheduled__2025-11-09T00:00:00+00:00'
[2025-11-17T02:56:52.334+0000] {taskinstance.py:430} INFO - ::endgroup::
[2025-11-17T02:56:53.079+0000] {taskinstance.py:441} INFO - ::group::Post task execution logs
[2025-11-17T02:56:53.081+0000] {taskinstance.py:2905} ERROR - Task failed with exception
Traceback (most recent call last):
  File "/home/airflow/.local/lib/python3.12/site-packages/airflow/models/taskinstance.py", line 465, in _execute_task
    result = _execute_callable(context=context, **execute_callable_kwargs)
             ^^^^^^^^^^^^^^^^^^^^^^^^^^^^^^^^^^^^^^^^^^^^^^^^^^^^^^^^^^^^^
  File "/home/airflow/.local/lib/python3.12/site-packages/airflow/models/taskinstance.py", line 432, in _execute_callable
    return execute_callable(context=context, **execute_callable_kwargs)
           ^^^^^^^^^^^^^^^^^^^^^^^^^^^^^^^^^^^^^^^^^^^^^^^^^^^^^^^^^^^^
  File "/home/airflow/.local/lib/python3.12/site-packages/airflow/models/baseoperator.py", line 400, in wrapper
    return func(self, *args, **kwargs)
           ^^^^^^^^^^^^^^^^^^^^^^^^^^^
  File "/home/airflow/.local/lib/python3.12/site-packages/airflow/operators/python.py", line 235, in execute
    return_value = self.execute_callable()
                   ^^^^^^^^^^^^^^^^^^^^^^^
  File "/home/airflow/.local/lib/python3.12/site-packages/airflow/operators/python.py", line 252, in execute_callable
    return self.python_callable(*self.op_args, **self.op_kwargs)
           ^^^^^^^^^^^^^^^^^^^^^^^^^^^^^^^^^^^^^^^^^^^^^^^^^^^^^
  File "/opt/airflow/dags/sodai_pipeline.py", line 37, in _generate_predictions_wrapper
    return generate_predictions()
           ^^^^^^^^^^^^^^^^^^^^^^
  File "/opt/airflow/src/predict.py", line 94, in generate_predictions
    clf = _load_trained_pipeline()
          ^^^^^^^^^^^^^^^^^^^^^^^^
  File "/opt/airflow/src/predict.py", line 21, in _load_trained_pipeline
    clf = joblib.load(MODEL_PATH)
          ^^^^^^^^^^^^^^^^^^^^^^^
  File "/home/airflow/.local/lib/python3.12/site-packages/joblib/numpy_pickle.py", line 735, in load
    with open(filename, "rb") as f:
         ^^^^^^^^^^^^^^^^^^^^
FileNotFoundError: [Errno 2] No such file or directory: '/opt/airflow/artifacts/models/xgb_best.pkl'
[2025-11-17T02:56:53.101+0000] {taskinstance.py:1206} INFO - Marking task as FAILED. dag_id=sodai_pipeline_dag, task_id=generate_predictions, run_id=scheduled__2025-11-09T00:00:00+00:00, execution_date=20251109T000000, start_date=20251117T025652, end_date=20251117T025653
[2025-11-17T02:56:53.115+0000] {standard_task_runner.py:110} ERROR - Failed to execute job 26 for task generate_predictions ([Errno 2] No such file or directory: '/opt/airflow/artifacts/models/xgb_best.pkl'; 1059)
[2025-11-17T02:56:53.162+0000] {local_task_job_runner.py:240} INFO - Task exited with return code 1
[2025-11-17T02:56:53.185+0000] {taskinstance.py:3498} INFO - 0 downstream tasks scheduled from follow-on schedule check
[2025-11-17T02:56:53.186+0000] {local_task_job_runner.py:222} INFO - ::endgroup::
