[2025-11-17T03:10:16.697+0000] {local_task_job_runner.py:120} INFO - ::group::Pre task execution logs
[2025-11-17T03:10:16.729+0000] {taskinstance.py:2076} INFO - Dependencies all met for dep_context=non-requeueable deps ti=<TaskInstance: sodai_pipeline_dag.generate_predictions scheduled__2025-11-09T00:00:00+00:00 [queued]>
[2025-11-17T03:10:16.733+0000] {taskinstance.py:2076} INFO - Dependencies all met for dep_context=requeueable deps ti=<TaskInstance: sodai_pipeline_dag.generate_predictions scheduled__2025-11-09T00:00:00+00:00 [queued]>
[2025-11-17T03:10:16.733+0000] {taskinstance.py:2306} INFO - Starting attempt 3 of 4
[2025-11-17T03:10:16.740+0000] {taskinstance.py:2330} INFO - Executing <Task(PythonOperator): generate_predictions> on 2025-11-09 00:00:00+00:00
[2025-11-17T03:10:16.746+0000] {logging_mixin.py:188} WARNING - /home/***/.local/lib/python3.12/site-packages/***/task/task_runner/standard_task_runner.py:61 DeprecationWarning: This process (pid=1226) is multi-threaded, use of fork() may lead to deadlocks in the child.
[2025-11-17T03:10:16.746+0000] {standard_task_runner.py:90} INFO - Running: ['***', 'tasks', 'run', 'sodai_pipeline_dag', 'generate_predictions', 'scheduled__2025-11-09T00:00:00+00:00', '--job-id', '27', '--raw', '--subdir', 'DAGS_FOLDER/sodai_pipeline.py', '--cfg-path', '/tmp/tmp64o6s34b']
[2025-11-17T03:10:16.747+0000] {standard_task_runner.py:63} INFO - Started process 1227 to run task
[2025-11-17T03:10:16.747+0000] {standard_task_runner.py:91} INFO - Job 27: Subtask generate_predictions
[2025-11-17T03:10:16.755+0000] {logging_mixin.py:188} WARNING - /home/***/.local/lib/python3.12/site-packages/***/settings.py:195 DeprecationWarning: The sql_alchemy_conn option in [core] has been moved to the sql_alchemy_conn option in [database] - the old setting has been used, but please update your config.
[2025-11-17T03:10:16.773+0000] {task_command.py:426} INFO - Running <TaskInstance: sodai_pipeline_dag.generate_predictions scheduled__2025-11-09T00:00:00+00:00 [running]> on host fddcaabe9a09
[2025-11-17T03:10:16.811+0000] {taskinstance.py:2648} INFO - Exporting env vars: AIRFLOW_CTX_DAG_OWNER='grupo_sodai' AIRFLOW_CTX_DAG_ID='sodai_pipeline_dag' AIRFLOW_CTX_TASK_ID='generate_predictions' AIRFLOW_CTX_EXECUTION_DATE='2025-11-09T00:00:00+00:00' AIRFLOW_CTX_TRY_NUMBER='3' AIRFLOW_CTX_DAG_RUN_ID='scheduled__2025-11-09T00:00:00+00:00'
[2025-11-17T03:10:16.812+0000] {taskinstance.py:430} INFO - ::endgroup::
[2025-11-17T03:10:18.438+0000] {logging_mixin.py:188} INFO - Generadas 40000 predicciones para semana=1.
[2025-11-17T03:10:18.439+0000] {logging_mixin.py:188} INFO - Ejemplo de salida:
[2025-11-17T03:10:18.442+0000] {logging_mixin.py:188} INFO -      customer_id  product_id  semana  proba_compra  rank_cliente
51        187101       61542       1      0.865758             5
103       187101       35732       1      0.685867            20
155       187101        1370       1      0.933218             2
207       187101       56714       1      0.926226             3
259       187101       11262       1      0.951689             1
[2025-11-17T03:10:18.476+0000] {python.py:237} INFO - Done. Returned value was:          customer_id  product_id  semana  proba_compra  rank_cliente
51            187101       61542       1      0.865758             5
103           187101       35732       1      0.685867            20
155           187101        1370       1      0.933218             2
207           187101       56714       1      0.926226             3
259           187101       11262       1      0.951689             1
...              ...         ...     ...           ...           ...
2079791       253053       53048       1      0.000967            67
2079843       253053       44662       1      0.000596            69
2079895       253053       56484       1      0.116273            21
2079947       253053       44914       1      0.000166            74
2079999       253053       53258       1      0.001261            63

[40000 rows x 5 columns]
[2025-11-17T03:10:18.478+0000] {taskinstance.py:441} INFO - ::group::Post task execution logs
[2025-11-17T03:10:18.557+0000] {taskinstance.py:1206} INFO - Marking task as SUCCESS. dag_id=sodai_pipeline_dag, task_id=generate_predictions, run_id=scheduled__2025-11-09T00:00:00+00:00, execution_date=20251109T000000, start_date=20251117T031016, end_date=20251117T031018
[2025-11-17T03:10:18.597+0000] {local_task_job_runner.py:240} INFO - Task exited with return code 0
[2025-11-17T03:10:18.623+0000] {taskinstance.py:3498} INFO - 0 downstream tasks scheduled from follow-on schedule check
[2025-11-17T03:10:18.625+0000] {local_task_job_runner.py:222} INFO - ::endgroup::
