[2025-11-13T16:15:15.288+0000] {local_task_job_runner.py:120} INFO - ::group::Pre task execution logs
[2025-11-13T16:15:15.313+0000] {taskinstance.py:2076} INFO - Dependencies all met for dep_context=non-requeueable deps ti=<TaskInstance: sodai_pipeline_dag.build_weekly_features manual__2025-11-13T16:10:06.654896+00:00 [queued]>
[2025-11-13T16:15:15.317+0000] {taskinstance.py:2076} INFO - Dependencies all met for dep_context=requeueable deps ti=<TaskInstance: sodai_pipeline_dag.build_weekly_features manual__2025-11-13T16:10:06.654896+00:00 [queued]>
[2025-11-13T16:15:15.317+0000] {taskinstance.py:2306} INFO - Starting attempt 1 of 2
[2025-11-13T16:15:15.323+0000] {taskinstance.py:2330} INFO - Executing <Task(PythonOperator): build_weekly_features> on 2025-11-13 16:10:06.654896+00:00
[2025-11-13T16:15:15.329+0000] {logging_mixin.py:188} WARNING - /home/***/.local/lib/python3.12/site-packages/***/task/task_runner/standard_task_runner.py:61 DeprecationWarning: This process (pid=228) is multi-threaded, use of fork() may lead to deadlocks in the child.
[2025-11-13T16:15:15.330+0000] {standard_task_runner.py:63} INFO - Started process 229 to run task
[2025-11-13T16:15:15.329+0000] {standard_task_runner.py:90} INFO - Running: ['***', 'tasks', 'run', 'sodai_pipeline_dag', 'build_weekly_features', 'manual__2025-11-13T16:10:06.654896+00:00', '--job-id', '10', '--raw', '--subdir', 'DAGS_FOLDER/sodai_pipeline.py', '--cfg-path', '/tmp/tmpzcqozw1f']
[2025-11-13T16:15:15.331+0000] {standard_task_runner.py:91} INFO - Job 10: Subtask build_weekly_features
[2025-11-13T16:15:15.338+0000] {logging_mixin.py:188} WARNING - /home/***/.local/lib/python3.12/site-packages/***/settings.py:195 DeprecationWarning: The sql_alchemy_conn option in [core] has been moved to the sql_alchemy_conn option in [database] - the old setting has been used, but please update your config.
[2025-11-13T16:15:15.361+0000] {task_command.py:426} INFO - Running <TaskInstance: sodai_pipeline_dag.build_weekly_features manual__2025-11-13T16:10:06.654896+00:00 [running]> on host e96ae9357b17
[2025-11-13T16:15:15.395+0000] {taskinstance.py:2648} INFO - Exporting env vars: AIRFLOW_CTX_DAG_OWNER='grupo_sodai' AIRFLOW_CTX_DAG_ID='sodai_pipeline_dag' AIRFLOW_CTX_TASK_ID='build_weekly_features' AIRFLOW_CTX_EXECUTION_DATE='2025-11-13T16:10:06.654896+00:00' AIRFLOW_CTX_TRY_NUMBER='1' AIRFLOW_CTX_DAG_RUN_ID='manual__2025-11-13T16:10:06.654896+00:00'
[2025-11-13T16:15:15.395+0000] {taskinstance.py:430} INFO - ::endgroup::
[2025-11-13T16:15:15.402+0000] {taskinstance.py:441} INFO - ::group::Post task execution logs
[2025-11-13T16:15:15.402+0000] {taskinstance.py:2905} ERROR - Task failed with exception
Traceback (most recent call last):
  File "/home/airflow/.local/lib/python3.12/site-packages/airflow/models/taskinstance.py", line 465, in _execute_task
    result = _execute_callable(context=context, **execute_callable_kwargs)
             ^^^^^^^^^^^^^^^^^^^^^^^^^^^^^^^^^^^^^^^^^^^^^^^^^^^^^^^^^^^^^
  File "/home/airflow/.local/lib/python3.12/site-packages/airflow/models/taskinstance.py", line 432, in _execute_callable
    return execute_callable(context=context, **execute_callable_kwargs)
           ^^^^^^^^^^^^^^^^^^^^^^^^^^^^^^^^^^^^^^^^^^^^^^^^^^^^^^^^^^^^
  File "/home/airflow/.local/lib/python3.12/site-packages/airflow/models/baseoperator.py", line 400, in wrapper
    return func(self, *args, **kwargs)
           ^^^^^^^^^^^^^^^^^^^^^^^^^^^
  File "/home/airflow/.local/lib/python3.12/site-packages/airflow/operators/python.py", line 235, in execute
    return_value = self.execute_callable()
                   ^^^^^^^^^^^^^^^^^^^^^^^
  File "/home/airflow/.local/lib/python3.12/site-packages/airflow/operators/python.py", line 252, in execute_callable
    return self.python_callable(*self.op_args, **self.op_kwargs)
           ^^^^^^^^^^^^^^^^^^^^^^^^^^^^^^^^^^^^^^^^^^^^^^^^^^^^^
  File "/opt/airflow/dags/sodai_pipeline.py", line 12, in _build_weekly_features_wrapper
    from src.preprocessing import build_weekly_features
ModuleNotFoundError: No module named 'src'
[2025-11-13T16:15:15.406+0000] {taskinstance.py:1206} INFO - Marking task as UP_FOR_RETRY. dag_id=sodai_pipeline_dag, task_id=build_weekly_features, run_id=manual__2025-11-13T16:10:06.654896+00:00, execution_date=20251113T161006, start_date=20251113T161515, end_date=20251113T161515
[2025-11-13T16:15:15.410+0000] {standard_task_runner.py:110} ERROR - Failed to execute job 10 for task build_weekly_features (No module named 'src'; 229)
[2025-11-13T16:15:15.429+0000] {local_task_job_runner.py:240} INFO - Task exited with return code 1
[2025-11-13T16:15:15.442+0000] {taskinstance.py:3498} INFO - 0 downstream tasks scheduled from follow-on schedule check
[2025-11-13T16:15:15.443+0000] {local_task_job_runner.py:222} INFO - ::endgroup::
